98.238.157.122 - - [14/Jan/2014:07:13:27 +0000] "GET /ws/1/release-group/30eb7e6c-fac8-3797-b9a2-86f267932a55?type=xml&inc=releases+artist HTTP/1.1" 503 297 "-" "python-headphones/0.7.3"
8.35.200.33 - - [14/Jan/2014:07:13:27 +0000] "GET /work/f1c02a58-e54d-4842-a54c-19ca47a9b647 HTTP/1.1" 301 185 "-" "Acre/dev/53:922 proxy.freebase-refinery.appspot.com AppEngine-Google; (+http://code.google.com/appengine; appid: s~freebase-refinery)"
83.85.23.94 - - [14/Jan/2014:07:13:27 +0000] "GET /ws/2/release/?limit=100&release-group=15fe8dfe-dd68-45a1-bf4a-d9aa1c46e4b5&inc=artist-credits+labels+recordings+release-groups+media HTTP/1.1" 503 373 "-" "beets/1.0b15 python-musicbrainz-ngs/0.3devMODIFIED ( http://beets.radbox.org/ )"
75.108.189.24 - - [14/Jan/2014:07:13:27 +0000] "GET /ws/2/release?release-group=1cf236ff-1a84-3378-9d60-323dea5a9c34 HTTP/1.1" 200 885 "-" "Jaikoz/6.1.0"
101.165.194.122 - - [14/Jan/2014:07:13:27 +0000] "GET /ws/2/release/?query=artist:%22shania%20twain%22%20AND%20release:%22man%21%20i%20feel%20like%20a%20woman%22&limit=1 HTTP/1.1" 200 793 "-" "gvfs/1.18.2"
194.166.109.193 - - [14/Jan/2014:07:13:27 +0000] "GET /ws/2/release/5edd824e-2cbe-4d22-afb2-08818b175d68/?inc=artist-credits+labels+recordings+release-groups+tags+artist-rels HTTP/1.1" 200 2664 "-" "MusicBee/2.2"
208.184.234.13 - - [14/Jan/2014:07:13:27 +0000] "GET /ws/1/release/deebe883-5f32-4234-bef3-8be6b633f866?type=xml&inc=tracks+release-events+url-rels HTTP/1.1" 200 5476 "-" "Mozilla/5.0 (Windows; U; Windows NT 5.1; en) AppleWebKit/526.9 (KHTML, like Gecko) Version/4.0dp1 Safari/526.8"
91.227.18.59 - - [14/Jan/2014:07:13:27 +0000] "GET /ws/2/release-group?limit=100&artist=1bc0b1e3-c4c8-412c-b9dd-0bb8302c69ff HTTP/1.0" 200 351 "-" "-"
63.141.243.26 - - [14/Jan/2014:07:13:27 +0000] "GET /register HTTP/1.0" 200 14461 "http://musicbrainz.org/register" "Mozilla/5.0 (Macintosh; Intel Mac OS X 10_7_5) AppleWebKit/536.26.17 (KHTML, like Gecko) Version/6.0.2 Safari/536.26.17"
95.49.179.4 - - [14/Jan/2014:07:13:27 +0000] "GET /ws/2/release?artist=d64c70d9-5804-47ba-a02b-8c22dc52913e&limit=100&fmt=json&offset=0 HTTP/1.1" 200 12667 "-" "script.artistslideshow/1.5.9( https://github.com/pkscout/artistslideshow )"
203.177.182.42 - - [14/Jan/2014:07:13:27 +0000] "GET /ws/2/release/?query=artist:%22unknown%22%20AND%20release:%22unknown%22&limit=1 HTTP/1.1" 200 715 "-" "gvfs/1.18.2"
8.35.201.40 - - [14/Jan/2014:07:13:27 +0000] "GET /recording/b60436cb-87df-4104-aae0-169000ec252b HTTP/1.1" 200 4302 "-" "Acre/dev/53:922 proxy.freebase-refinery.appspot.com AppEngine-Google; (+http://code.google.com/appengine; appid: s~freebase-refinery)"
178.36.162.82 - - [14/Jan/2014:07:13:27 +0000] "GET /ws/2/artist/?query=artist%3AStaind&limit=1 HTTP/1.1" 503 373 "-" "headphones/0.0 python-musicbrainz-ngs/0.3devMODIFIED ( https://github.com/rembo10/headphones )"
74.92.211.66 - - [14/Jan/2014:07:13:27 +0000] "GET /ws/2/release/?limit=100&release-group=4482bd6d-4400-3be0-8804-572939fa012e&inc=artist-credits+labels+recordings+release-groups+media HTTP/1.1" 200 27582 "-" "beets/1.0b15 python-musicbrainz-ngs/0.3devMODIFIED ( http://beets.radbox.org/ )"
94.192.240.139 - - [14/Jan/2014:07:13:27 +0000] "GET /ws/2/release-group/?type=album&limit=200&artist=1884ed9c-6fe1-468d-a7f8-8d19c9c4e441 HTTP/1.1" 200 25542 "-" "headphones/0.0 python-musicbrainz-ngs/0.3devMODIFIED ( https://github.com/rembo10/headphones )"
54.246.85.21 - - [14/Jan/2014:07:13:27 +0000] "GET /ws/2/artist/?query=Steppenwolf HTTP/1.0" 200 1338 "-" "G Media 2.0 http://www.gmedia.co.uk/"
69.136.99.211 - - [14/Jan/2014:07:13:27 +0000] "GET /ws/2/release/?limit=100&release-group=bd2a03e0-42e4-43e4-ba4b-9bd9009c02b6&inc=artist-credits+labels+recordings+release-groups+media HTTP/1.1" 200 9522 "-" "beets/1.0b15 python-musicbrainz-ngs/0.3devMODIFIED ( http://beets.radbox.org/ )"
